MPLINK 4.41, Linker
Linker Map File - Created Tue Jun 03 15:52:36 2014

                                 Section Info
                  Section       Type    Address   Location Size(Bytes)
                ---------  ---------  ---------  ---------  ---------
                   .org_0       code   0x000000    program   0x000000
                   .org_4       code   0x000000    program   0x000002
                   .org_5       code   0x000004    program   0x000dc8
                   .org_1       code   0x0000a0    program   0x000000
                   .org_2       code   0x0000b0    program   0x000000
                   .org_3       code   0x0000c0    program   0x000000
                   .org_6       code   0x000800    program   0x0005c4
     .config_2007_CREED.O       code   0x002007    program   0x000002
                   .org_7       code   0x002100    program   0x00000e



                              Program Memory Usage 
                               Start         End      
                           ---------   ---------      
                            0x000000    0x000000      
                            0x000004    0x0006e7      
                            0x000800    0x000ae1      
                            0x002007    0x002007      
                            0x002100    0x002106      
            2511 out of 8454 program addresses used, program memory utilization is 29%



                              Symbols - Sorted by Name
                     Name    Address   Location    Storage File                     
                ---------  ---------  ---------  --------- ---------                
                CRBBRxisr   0x00035b    program     static D:\MY DOCUMENTS\CREED CONTROL\PROJECT\CREED.ASM
                CRBBRxtab   0x000362    program     static D:\MY DOCUMENTS\CREED CONTROL\PROJECT\CREED.ASM
                CRBBTxisr   0x000327    program     static D:\MY DOCUMENTS\CREED CONTROL\PROJECT\CREED.ASM
                CRBBTxtab   0x00032e    program     static D:\MY DOCUMENTS\CREED CONTROL\PROJECT\CREED.ASM
                 CRRX_BIT   0x00037a    program     static D:\MY DOCUMENTS\CREED CONTROL\PROJECT\CREED.ASM
                 CRRX_BUF   0x00037f    program     static D:\MY DOCUMENTS\CREED CONTROL\PROJECT\CREED.ASM
                 CRRX_CHK   0x000377    program     static D:\MY DOCUMENTS\CREED CONTROL\PROJECT\CREED.ASM
                 CRRX_NXT   0x00038a    program     static D:\MY DOCUMENTS\CREED CONTROL\PROJECT\CREED.ASM
                 CRRX_RES   0x000386    program     static D:\MY DOCUMENTS\CREED CONTROL\PROJECT\CREED.ASM
                   CRTX_0   0x000355    program     static D:\MY DOCUMENTS\CREED CONTROL\PROJECT\CREED.ASM
                   CRTX_1   0x000353    program     static D:\MY DOCUMENTS\CREED CONTROL\PROJECT\CREED.ASM
                 CRTX_BIT   0x000351    program     static D:\MY DOCUMENTS\CREED CONTROL\PROJECT\CREED.ASM
                 CRTX_BUF   0x000350    program     static D:\MY DOCUMENTS\CREED CONTROL\PROJECT\CREED.ASM
                 CRTX_CHK   0x000343    program     static D:\MY DOCUMENTS\CREED CONTROL\PROJECT\CREED.ASM
                CRTX_CHK1   0x00034b    program     static D:\MY DOCUMENTS\CREED CONTROL\PROJECT\CREED.ASM
                 CRTX_NXT   0x000357    program     static D:\MY DOCUMENTS\CREED CONTROL\PROJECT\CREED.ASM
                 CRTX_RES   0x000359    program     static D:\MY DOCUMENTS\CREED CONTROL\PROJECT\CREED.ASM
                CRTX_STOP   0x00034e    program     static D:\MY DOCUMENTS\CREED CONTROL\PROJECT\CREED.ASM
                CRTX_STRT   0x00034c    program     static D:\MY DOCUMENTS\CREED CONTROL\PROJECT\CREED.ASM
              Ccaddoffset   0x0001ad    program     static D:\MY DOCUMENTS\CREED CONTROL\PROJECT\CREED.ASM
                   Ccatoi   0x000129    program     static D:\MY DOCUMENTS\CREED CONTROL\PROJECT\CREED.ASM
              Ccgotoentry   0x000194    program     static D:\MY DOCUMENTS\CREED CONTROL\PROJECT\CREED.ASM
                   Ccitoa   0x000136    program     static D:\MY DOCUMENTS\CREED CONTROL\PROJECT\CREED.ASM
                  Ccitoa1   0x00016c    program     static D:\MY DOCUMENTS\CREED CONTROL\PROJECT\CREED.ASM
                  Ccitoa2   0x00013b    program     static D:\MY DOCUMENTS\CREED CONTROL\PROJECT\CREED.ASM
                  Ccitoa4   0x000158    program     static D:\MY DOCUMENTS\CREED CONTROL\PROJECT\CREED.ASM
                  Ccitoa5   0x000166    program     static D:\MY DOCUMENTS\CREED CONTROL\PROJECT\CREED.ASM
                  Ccitoa6   0x000169    program     static D:\MY DOCUMENTS\CREED CONTROL\PROJECT\CREED.ASM
         Conditioninokend   0x000016    program     static D:\MY DOCUMENTS\CREED CONTROL\PROJECT\CREED.ASM
         Conditionnextend   0x000021    program     static D:\MY DOCUMENTS\CREED CONTROL\PROJECT\CREED.ASM
             Creedbuftotx   0x000313    program     static D:\MY DOCUMENTS\CREED CONTROL\PROJECT\CREED.ASM
          Creedbuftotxend   0x000325    program     static D:\MY DOCUMENTS\CREED CONTROL\PROJECT\CREED.ASM
                Creedchar   0x0002f8    program     static D:\MY DOCUMENTS\CREED CONTROL\PROJECT\CREED.ASM
           Creedcharerror   0x000308    program     static D:\MY DOCUMENTS\CREED CONTROL\PROJECT\CREED.ASM
          Creedcharerror1   0x000312    program     static D:\MY DOCUMENTS\CREED CONTROL\PROJECT\CREED.ASM
             Decodeporta1   0x0004b5    program     static D:\MY DOCUMENTS\CREED CONTROL\PROJECT\CREED.ASM
             Decodeporta2   0x0004b6    program     static D:\MY DOCUMENTS\CREED CONTROL\PROJECT\CREED.ASM
             Decodeporta3   0x0004bb    program     static D:\MY DOCUMENTS\CREED CONTROL\PROJECT\CREED.ASM
             Decodeporta4   0x0004bc    program     static D:\MY DOCUMENTS\CREED CONTROL\PROJECT\CREED.ASM
             Decodeporta5   0x0004c1    program     static D:\MY DOCUMENTS\CREED CONTROL\PROJECT\CREED.ASM
             Decodeporta6   0x0004c2    program     static D:\MY DOCUMENTS\CREED CONTROL\PROJECT\CREED.ASM
                 EEIsBusy   0x000124    program     static D:\MY DOCUMENTS\CREED CONTROL\PROJECT\CREED.ASM
                Inctblptr   0x0001d5    program     static D:\MY DOCUMENTS\CREED CONTROL\PROJECT\CREED.ASM
                Interrupt   0x000001    program     static D:\MY DOCUMENTS\CREED CONTROL\PROJECT\CREED.ASM
                  Intexit   0x0006df    program     static D:\MY DOCUMENTS\CREED CONTROL\PROJECT\CREED.ASM
                Inttimer1   0x0006d4    program     static D:\MY DOCUMENTS\CREED CONTROL\PROJECT\CREED.ASM
                Inttimer2   0x0006cf    program     static D:\MY DOCUMENTS\CREED CONTROL\PROJECT\CREED.ASM
               LCDaddress   0x00022e    program     static D:\MY DOCUMENTS\CREED CONTROL\PROJECT\CREED.ASM
                  LCDchar   0x000268    program     static D:\MY DOCUMENTS\CREED CONTROL\PROJECT\CREED.ASM
                 LCDchar1   0x000271    program     static D:\MY DOCUMENTS\CREED CONTROL\PROJECT\CREED.ASM
                 LCDclear   0x00024a    program     static D:\MY DOCUMENTS\CREED CONTROL\PROJECT\CREED.ASM
                   LCDcom   0x000254    program     static D:\MY DOCUMENTS\CREED CONTROL\PROJECT\CREED.ASM
                  LCDhome   0x00024f    program     static D:\MY DOCUMENTS\CREED CONTROL\PROJECT\CREED.ASM
                   LCDoff   0x000234    program     static D:\MY DOCUMENTS\CREED CONTROL\PROJECT\CREED.ASM
                    LCDon   0x000231    program     static D:\MY DOCUMENTS\CREED CONTROL\PROJECT\CREED.ASM
                LCDscroll   0x00023b    program     static D:\MY DOCUMENTS\CREED CONTROL\PROJECT\CREED.ASM
                 LCDshift   0x000242    program     static D:\MY DOCUMENTS\CREED CONTROL\PROJECT\CREED.ASM
                LCDshift1   0x000249    program     static D:\MY DOCUMENTS\CREED CONTROL\PROJECT\CREED.ASM
                LCDstatic   0x000237    program     static D:\MY DOCUMENTS\CREED CONTROL\PROJECT\CREED.ASM
                   LCDstr   0x000225    program     static D:\MY DOCUMENTS\CREED CONTROL\PROJECT\CREED.ASM
                  LCDstr1   0x00022d    program     static D:\MY DOCUMENTS\CREED CONTROL\PROJECT\CREED.ASM
             LCDstrappend   0x000226    program     static D:\MY DOCUMENTS\CREED CONTROL\PROJECT\CREED.ASM
               ModePCloop   0x0005c4    program     static D:\MY DOCUMENTS\CREED CONTROL\PROJECT\CREED.ASM
              ModePCloop1   0x0005d4    program     static D:\MY DOCUMENTS\CREED CONTROL\PROJECT\CREED.ASM
            ModePCloopend   0x0005d8    program     static D:\MY DOCUMENTS\CREED CONTROL\PROJECT\CREED.ASM
            ModePCtoCreed   0x0005d9    program     static D:\MY DOCUMENTS\CREED CONTROL\PROJECT\CREED.ASM
          ModePCtoCreedrx   0x0005f2    program     static D:\MY DOCUMENTS\CREED CONTROL\PROJECT\CREED.ASM
         ModePCtoCreedrx1   0x000610    program     static D:\MY DOCUMENTS\CREED CONTROL\PROJECT\CREED.ASM
         ModePCtoCreedrx2   0x00060e    program     static D:\MY DOCUMENTS\CREED CONTROL\PROJECT\CREED.ASM
         ModePCtoCreedrx3   0x00060f    program     static D:\MY DOCUMENTS\CREED CONTROL\PROJECT\CREED.ASM
         ModePCtoCreedrx4   0x000619    program     static D:\MY DOCUMENTS\CREED CONTROL\PROJECT\CREED.ASM
       ModePCtoCreedrxclr   0x00061c    program     static D:\MY DOCUMENTS\CREED CONTROL\PROJECT\CREED.ASM
       ModePCtoCreedrxend   0x00061e    program     static D:\MY DOCUMENTS\CREED CONTROL\PROJECT\CREED.ASM
          ModePCtoCreedtx   0x0005dc    program     static D:\MY DOCUMENTS\CREED CONTROL\PROJECT\CREED.ASM
         ModePCtoCreedtx1   0x0005ed    program     static D:\MY DOCUMENTS\CREED CONTROL\PROJECT\CREED.ASM
       ModePCtoCreedtxend   0x0005f1    program     static D:\MY DOCUMENTS\CREED CONTROL\PROJECT\CREED.ASM
               ModeTUloop   0x00055d    program     static D:\MY DOCUMENTS\CREED CONTROL\PROJECT\CREED.ASM
            ModeTUtoCreed   0x000510    program     static D:\MY DOCUMENTS\CREED CONTROL\PROJECT\CREED.ASM
          ModeTUtoCreedrx   0x000513    program     static D:\MY DOCUMENTS\CREED CONTROL\PROJECT\CREED.ASM
         ModeTUtoCreedrx1   0x00052c    program     static D:\MY DOCUMENTS\CREED CONTROL\PROJECT\CREED.ASM
         ModeTUtoCreedrx2   0x00051c    program     static D:\MY DOCUMENTS\CREED CONTROL\PROJECT\CREED.ASM
         ModeTUtoCreedrx3   0x00051b    program     static D:\MY DOCUMENTS\CREED CONTROL\PROJECT\CREED.ASM
         ModeTUtoCreedrx4   0x000539    program     static D:\MY DOCUMENTS\CREED CONTROL\PROJECT\CREED.ASM
       ModeTUtoCreedrxend   0x00053d    program     static D:\MY DOCUMENTS\CREED CONTROL\PROJECT\CREED.ASM
          ModeTUtoCreedtx   0x00053e    program     static D:\MY DOCUMENTS\CREED CONTROL\PROJECT\CREED.ASM
         ModeTUtoCreedtx1   0x000551    program     static D:\MY DOCUMENTS\CREED CONTROL\PROJECT\CREED.ASM
       ModeTUtoCreedtxend   0x000555    program     static D:\MY DOCUMENTS\CREED CONTROL\PROJECT\CREED.ASM
               ModeTUtoPC   0x000556    program     static D:\MY DOCUMENTS\CREED CONTROL\PROJECT\CREED.ASM
              ModeTUtoPC1   0x00055b    program     static D:\MY DOCUMENTS\CREED CONTROL\PROJECT\CREED.ASM
             ModeTUtoPCrx   0x000560    program     static D:\MY DOCUMENTS\CREED CONTROL\PROJECT\CREED.ASM
            ModeTUtoPCrx1   0x00057c    program     static D:\MY DOCUMENTS\CREED CONTROL\PROJECT\CREED.ASM
            ModeTUtoPCrx2   0x000571    program     static D:\MY DOCUMENTS\CREED CONTROL\PROJECT\CREED.ASM
          ModeTUtoPCrxend   0x00057e    program     static D:\MY DOCUMENTS\CREED CONTROL\PROJECT\CREED.ASM
             ModeTUtoPCtx   0x00057f    program     static D:\MY DOCUMENTS\CREED CONTROL\PROJECT\CREED.ASM
            ModeTUtoPCtx1   0x00059d    program     static D:\MY DOCUMENTS\CREED CONTROL\PROJECT\CREED.ASM
            ModeTUtoPCtx2   0x00059b    program     static D:\MY DOCUMENTS\CREED CONTROL\PROJECT\CREED.ASM
            ModeTUtoPCtx3   0x00059c    program     static D:\MY DOCUMENTS\CREED CONTROL\PROJECT\CREED.ASM
            ModeTUtoPCtx4   0x0005a6    program     static D:\MY DOCUMENTS\CREED CONTROL\PROJECT\CREED.ASM
          ModeTUtoPCtxclr   0x0005a9    program     static D:\MY DOCUMENTS\CREED CONTROL\PROJECT\CREED.ASM
          ModeTUtoPCtxend   0x0005ab    program     static D:\MY DOCUMENTS\CREED CONTROL\PROJECT\CREED.ASM
            Modecreedloop   0x0005ac    program     static D:\MY DOCUMENTS\CREED CONTROL\PROJECT\CREED.ASM
           Modecreedloop1   0x0005bf    program     static D:\MY DOCUMENTS\CREED CONTROL\PROJECT\CREED.ASM
         Modecreedloopend   0x0005c3    program     static D:\MY DOCUMENTS\CREED CONTROL\PROJECT\CREED.ASM
              Modeweather   0x0004f0    program     static D:\MY DOCUMENTS\CREED CONTROL\PROJECT\CREED.ASM
             Modeweather1   0x0004fe    program     static D:\MY DOCUMENTS\CREED CONTROL\PROJECT\CREED.ASM
             Modeweather2   0x0004f6    program     static D:\MY DOCUMENTS\CREED CONTROL\PROJECT\CREED.ASM
             Modeweather3   0x0004f5    program     static D:\MY DOCUMENTS\CREED CONTROL\PROJECT\CREED.ASM
             Modeweather4   0x00050b    program     static D:\MY DOCUMENTS\CREED CONTROL\PROJECT\CREED.ASM
           Modeweatherend   0x00050f    program     static D:\MY DOCUMENTS\CREED CONTROL\PROJECT\CREED.ASM
                   Mul8x8   0x00016f    program     static D:\MY DOCUMENTS\CREED CONTROL\PROJECT\CREED.ASM
                  Poweron   0x0000c0    program     static D:\MY DOCUMENTS\CREED CONTROL\PROJECT\CREED.ASM
                Readflash   0x0001b6    program     static D:\MY DOCUMENTS\CREED CONTROL\PROJECT\CREED.ASM
            Sendoutputend   0x0004c4    program     static D:\MY DOCUMENTS\CREED CONTROL\PROJECT\CREED.ASM
                TUBBRxisr   0x000442    program     static D:\MY DOCUMENTS\CREED CONTROL\PROJECT\CREED.ASM
                TUBBRxtab   0x000449    program     static D:\MY DOCUMENTS\CREED CONTROL\PROJECT\CREED.ASM
                TUBBTxisr   0x0003f8    program     static D:\MY DOCUMENTS\CREED CONTROL\PROJECT\CREED.ASM
                TUBBTxtab   0x0003ff    program     static D:\MY DOCUMENTS\CREED CONTROL\PROJECT\CREED.ASM
                 TURX_BIT   0x000467    program     static D:\MY DOCUMENTS\CREED CONTROL\PROJECT\CREED.ASM
                 TURX_BUF   0x00046c    program     static D:\MY DOCUMENTS\CREED CONTROL\PROJECT\CREED.ASM
                TURX_BUF1   0x000476    program     static D:\MY DOCUMENTS\CREED CONTROL\PROJECT\CREED.ASM
                TURX_BUF2   0x000472    program     static D:\MY DOCUMENTS\CREED CONTROL\PROJECT\CREED.ASM
                 TURX_CHK   0x00045e    program     static D:\MY DOCUMENTS\CREED CONTROL\PROJECT\CREED.ASM
                TURX_CHK1   0x000464    program     static D:\MY DOCUMENTS\CREED CONTROL\PROJECT\CREED.ASM
                 TURX_NXT   0x00047c    program     static D:\MY DOCUMENTS\CREED CONTROL\PROJECT\CREED.ASM
                 TURX_RES   0x000478    program     static D:\MY DOCUMENTS\CREED CONTROL\PROJECT\CREED.ASM
                   TUTX_0   0x00043c    program     static D:\MY DOCUMENTS\CREED CONTROL\PROJECT\CREED.ASM
                   TUTX_1   0x00043a    program     static D:\MY DOCUMENTS\CREED CONTROL\PROJECT\CREED.ASM
                 TUTX_BIT   0x000438    program     static D:\MY DOCUMENTS\CREED CONTROL\PROJECT\CREED.ASM
                 TUTX_BUF   0x000437    program     static D:\MY DOCUMENTS\CREED CONTROL\PROJECT\CREED.ASM
                 TUTX_CHK   0x000414    program     static D:\MY DOCUMENTS\CREED CONTROL\PROJECT\CREED.ASM
                TUTX_CHK1   0x00041c    program     static D:\MY DOCUMENTS\CREED CONTROL\PROJECT\CREED.ASM
                TUTX_CHK2   0x000422    program     static D:\MY DOCUMENTS\CREED CONTROL\PROJECT\CREED.ASM
                 TUTX_NXT   0x00043e    program     static D:\MY DOCUMENTS\CREED CONTROL\PROJECT\CREED.ASM
                 TUTX_RES   0x000440    program     static D:\MY DOCUMENTS\CREED CONTROL\PROJECT\CREED.ASM
                 TUTX_REV   0x000423    program     static D:\MY DOCUMENTS\CREED CONTROL\PROJECT\CREED.ASM
                TUTX_STOP   0x000430    program     static D:\MY DOCUMENTS\CREED CONTROL\PROJECT\CREED.ASM
               TUTX_STOP1   0x000435    program     static D:\MY DOCUMENTS\CREED CONTROL\PROJECT\CREED.ASM
                TUTX_STRT   0x000428    program     static D:\MY DOCUMENTS\CREED CONTROL\PROJECT\CREED.ASM
               TUTX_STRT1   0x00042e    program     static D:\MY DOCUMENTS\CREED CONTROL\PROJECT\CREED.ASM
               TUTX_STRT2   0x00042f    program     static D:\MY DOCUMENTS\CREED CONTROL\PROJECT\CREED.ASM
                TUbuftotx   0x0003e4    program     static D:\MY DOCUMENTS\CREED CONTROL\PROJECT\CREED.ASM
             TUbuftotxend   0x0003f6    program     static D:\MY DOCUMENTS\CREED CONTROL\PROJECT\CREED.ASM
                   TUchar   0x0003c9    program     static D:\MY DOCUMENTS\CREED CONTROL\PROJECT\CREED.ASM
              TUcharerror   0x0003d9    program     static D:\MY DOCUMENTS\CREED CONTROL\PROJECT\CREED.ASM
             TUcharerror1   0x0003e3    program     static D:\MY DOCUMENTS\CREED CONTROL\PROJECT\CREED.ASM
                   TUlock   0x00039f    program     static D:\MY DOCUMENTS\CREED CONTROL\PROJECT\CREED.ASM
                  TUlock0   0x0003ab    program     static D:\MY DOCUMENTS\CREED CONTROL\PROJECT\CREED.ASM
                 TUlock01   0x0003b0    program     static D:\MY DOCUMENTS\CREED CONTROL\PROJECT\CREED.ASM
                  TUlock1   0x0003b3    program     static D:\MY DOCUMENTS\CREED CONTROL\PROJECT\CREED.ASM
                 TUlock11   0x0003b8    program     static D:\MY DOCUMENTS\CREED CONTROL\PROJECT\CREED.ASM
                  TUlock2   0x0003bd    program     static D:\MY DOCUMENTS\CREED CONTROL\PROJECT\CREED.ASM
                 TUlock21   0x0003c5    program     static D:\MY DOCUMENTS\CREED CONTROL\PROJECT\CREED.ASM
                 TUlock22   0x0003c7    program     static D:\MY DOCUMENTS\CREED CONTROL\PROJECT\CREED.ASM
                Timers700   0x000628    program     static D:\MY DOCUMENTS\CREED CONTROL\PROJECT\CREED.ASM
                Timersend   0x000630    program     static D:\MY DOCUMENTS\CREED CONTROL\PROJECT\CREED.ASM
                     Tmr0   0x000689    program     static D:\MY DOCUMENTS\CREED CONTROL\PROJECT\CREED.ASM
                 Tmr1_100   0x000680    program     static D:\MY DOCUMENTS\CREED CONTROL\PROJECT\CREED.ASM
                  Tmr1_45   0x000665    program     static D:\MY DOCUMENTS\CREED CONTROL\PROJECT\CREED.ASM
                  Tmr1_50   0x00066e    program     static D:\MY DOCUMENTS\CREED CONTROL\PROJECT\CREED.ASM
                  Tmr1_75   0x000677    program     static D:\MY DOCUMENTS\CREED CONTROL\PROJECT\CREED.ASM
             USARTbuftotx   0x0002b6    program     static D:\MY DOCUMENTS\CREED CONTROL\PROJECT\CREED.ASM
          USARTbuftotxend   0x0002c7    program     static D:\MY DOCUMENTS\CREED CONTROL\PROJECT\CREED.ASM
                USARTchar   0x00029c    program     static D:\MY DOCUMENTS\CREED CONTROL\PROJECT\CREED.ASM
           USARTcharerror   0x0002ac    program     static D:\MY DOCUMENTS\CREED CONTROL\PROJECT\CREED.ASM
          USARTcharerror1   0x0002b5    program     static D:\MY DOCUMENTS\CREED CONTROL\PROJECT\CREED.ASM
                  USARTrx   0x0002c8    program     static D:\MY DOCUMENTS\CREED CONTROL\PROJECT\CREED.ASM
                 USARTrx1   0x0002dc    program     static D:\MY DOCUMENTS\CREED CONTROL\PROJECT\CREED.ASM
               USARTrxend   0x0002d2    program     static D:\MY DOCUMENTS\CREED CONTROL\PROJECT\CREED.ASM
               USARTrxerr   0x0002d3    program     static D:\MY DOCUMENTS\CREED CONTROL\PROJECT\CREED.ASM
                  USARTtx   0x0002dd    program     static D:\MY DOCUMENTS\CREED CONTROL\PROJECT\CREED.ASM
               USARTtxend   0x0002e6    program     static D:\MY DOCUMENTS\CREED CONTROL\PROJECT\CREED.ASM
                 USOSmenu   0x000914    program     static D:\MY DOCUMENTS\CREED CONTROL\PROJECT\CREED.ASM
                ZBaseloop   0x0006ae    program     static D:\MY DOCUMENTS\CREED CONTROL\PROJECT\CREED.ASM
               ZCreedinit   0x0002e7    program     static D:\MY DOCUMENTS\CREED CONTROL\PROJECT\CREED.ASM
                  ZEEread   0x000101    program     static D:\MY DOCUMENTS\CREED CONTROL\PROJECT\CREED.ASM
                 ZEEwrite   0x00010e    program     static D:\MY DOCUMENTS\CREED CONTROL\PROJECT\CREED.ASM
                    ZInit   0x0006a5    program     static D:\MY DOCUMENTS\CREED CONTROL\PROJECT\CREED.ASM
                  ZInitio   0x00047e    program     static D:\MY DOCUMENTS\CREED CONTROL\PROJECT\CREED.ASM
              ZIntroutine   0x0006c4    program     static D:\MY DOCUMENTS\CREED CONTROL\PROJECT\CREED.ASM
                 ZLCDinit   0x0001fd    program     static D:\MY DOCUMENTS\CREED CONTROL\PROJECT\CREED.ASM
                    ZMain   0x000631    program     static D:\MY DOCUMENTS\CREED CONTROL\PROJECT\CREED.ASM
                    ZMenu   0x00000d    program     static D:\MY DOCUMENTS\CREED CONTROL\PROJECT\CREED.ASM
                ZMenuinit   0x000005    program     static D:\MY DOCUMENTS\CREED CONTROL\PROJECT\CREED.ASM
                   ZModes   0x0004c6    program     static D:\MY DOCUMENTS\CREED CONTROL\PROJECT\CREED.ASM
               ZModesinit   0x0004c5    program     static D:\MY DOCUMENTS\CREED CONTROL\PROJECT\CREED.ASM
              ZReadconfig   0x00009c    program     static D:\MY DOCUMENTS\CREED CONTROL\PROJECT\CREED.ASM
              ZReadinputs   0x0004a2    program     static D:\MY DOCUMENTS\CREED CONTROL\PROJECT\CREED.ASM
             ZSendoutputs   0x0004c4    program     static D:\MY DOCUMENTS\CREED CONTROL\PROJECT\CREED.ASM
                  ZTUinit   0x00038c    program     static D:\MY DOCUMENTS\CREED CONTROL\PROJECT\CREED.ASM
                    ZTick   0x0006b7    program     static D:\MY DOCUMENTS\CREED CONTROL\PROJECT\CREED.ASM
                  ZTimers   0x000624    program     static D:\MY DOCUMENTS\CREED CONTROL\PROJECT\CREED.ASM
              ZTimersinit   0x00061f    program     static D:\MY DOCUMENTS\CREED CONTROL\PROJECT\CREED.ASM
               ZUSARTinit   0x000282    program     static D:\MY DOCUMENTS\CREED CONTROL\PROJECT\CREED.ASM
               autolfmenu   0x0008e1    program     static D:\MY DOCUMENTS\CREED CONTROL\PROJECT\CREED.ASM
            autostartmenu   0x000903    program     static D:\MY DOCUMENTS\CREED CONTROL\PROJECT\CREED.ASM
                 baudmenu   0x0008b3    program     static D:\MY DOCUMENTS\CREED CONTROL\PROJECT\CREED.ASM
              codeconvert   0x000925    program     static D:\MY DOCUMENTS\CREED CONTROL\PROJECT\CREED.ASM
     creed_printer_buffer   0x0000a0    program     static D:\MY DOCUMENTS\CREED CONTROL\PROJECT\creedvars.inc
               delay100us   0x0001f4    program     static D:\MY DOCUMENTS\CREED CONTROL\PROJECT\CREED.ASM
              delay100us1   0x0001f8    program     static D:\MY DOCUMENTS\CREED CONTROL\PROJECT\CREED.ASM
                 delay1ms   0x0001e8    program     static D:\MY DOCUMENTS\CREED CONTROL\PROJECT\CREED.ASM
                delay1ms1   0x0001ec    program     static D:\MY DOCUMENTS\CREED CONTROL\PROJECT\CREED.ASM
                 delaywms   0x0001dd    program     static D:\MY DOCUMENTS\CREED CONTROL\PROJECT\CREED.ASM
                delaywms1   0x0001e0    program     static D:\MY DOCUMENTS\CREED CONTROL\PROJECT\CREED.ASM
              diddlesmenu   0x0008f2    program     static D:\MY DOCUMENTS\CREED CONTROL\PROJECT\CREED.ASM
                 errTUbuf   0x000ab5    program     static D:\MY DOCUMENTS\CREED CONTROL\PROJECT\CREED.ASM
                 errcpbuf   0x000aa5    program     static D:\MY DOCUMENTS\CREED CONTROL\PROJECT\CREED.ASM
                  errmode   0x000ad9    program     static D:\MY DOCUMENTS\CREED CONTROL\PROJECT\CREED.ASM
                 errurbuf   0x000ac5    program     static D:\MY DOCUMENTS\CREED CONTROL\PROJECT\CREED.ASM
                 errutbuf   0x000acf    program     static D:\MY DOCUMENTS\CREED CONTROL\PROJECT\CREED.ASM
                     help   0x0006a4    program     static D:\MY DOCUMENTS\CREED CONTROL\PROJECT\CREED.ASM
                    help1   0x0004ed    program     static D:\MY DOCUMENTS\CREED CONTROL\PROJECT\CREED.ASM
                    menu0   0x000032    program     static D:\MY DOCUMENTS\CREED CONTROL\PROJECT\CREED.ASM
                   menu01   0x000039    program     static D:\MY DOCUMENTS\CREED CONTROL\PROJECT\CREED.ASM
                   menu02   0x00003e    program     static D:\MY DOCUMENTS\CREED CONTROL\PROJECT\CREED.ASM
                   menu03   0x000041    program     static D:\MY DOCUMENTS\CREED CONTROL\PROJECT\CREED.ASM
                    menu1   0x000049    program     static D:\MY DOCUMENTS\CREED CONTROL\PROJECT\CREED.ASM
                    menu2   0x000050    program     static D:\MY DOCUMENTS\CREED CONTROL\PROJECT\CREED.ASM
                   menu21   0x000057    program     static D:\MY DOCUMENTS\CREED CONTROL\PROJECT\CREED.ASM
                   menu22   0x000060    program     static D:\MY DOCUMENTS\CREED CONTROL\PROJECT\CREED.ASM
                   menu23   0x000066    program     static D:\MY DOCUMENTS\CREED CONTROL\PROJECT\CREED.ASM
                    menu3   0x00006e    program     static D:\MY DOCUMENTS\CREED CONTROL\PROJECT\CREED.ASM
                   menu31   0x000075    program     static D:\MY DOCUMENTS\CREED CONTROL\PROJECT\CREED.ASM
                   menu32   0x00007d    program     static D:\MY DOCUMENTS\CREED CONTROL\PROJECT\CREED.ASM
                    menu4   0x000090    program     static D:\MY DOCUMENTS\CREED CONTROL\PROJECT\CREED.ASM
                  menuend   0x00009b    program     static D:\MY DOCUMENTS\CREED CONTROL\PROJECT\CREED.ASM
                 menuexit   0x000094    program     static D:\MY DOCUMENTS\CREED CONTROL\PROJECT\CREED.ASM
             menusigreset   0x000098    program     static D:\MY DOCUMENTS\CREED CONTROL\PROJECT\CREED.ASM
                 modemenu   0x00085f    program     static D:\MY DOCUMENTS\CREED CONTROL\PROJECT\CREED.ASM
                 modeskip   0x0004ee    program     static D:\MY DOCUMENTS\CREED CONTROL\PROJECT\CREED.ASM
              reversemenu   0x0008d0    program     static D:\MY DOCUMENTS\CREED CONTROL\PROJECT\CREED.ASM
                     sc45   0x0000d1    program     static D:\MY DOCUMENTS\CREED CONTROL\PROJECT\CREED.ASM
                     sc50   0x0000d6    program     static D:\MY DOCUMENTS\CREED CONTROL\PROJECT\CREED.ASM
                     sc75   0x0000db    program     static D:\MY DOCUMENTS\CREED CONTROL\PROJECT\CREED.ASM
                     scfl   0x0000e0    program     static D:\MY DOCUMENTS\CREED CONTROL\PROJECT\CREED.ASM
                   setstr   0x000804    program     static D:\MY DOCUMENTS\CREED CONTROL\PROJECT\CREED.ASM
               showconfig   0x0000b2    program     static D:\MY DOCUMENTS\CREED CONTROL\PROJECT\CREED.ASM
                  topmenu   0x000820    program     static D:\MY DOCUMENTS\CREED CONTROL\PROJECT\CREED.ASM
            tu_mod_buffer   0x0000c0    program     static D:\MY DOCUMENTS\CREED CONTROL\PROJECT\creedvars.inc
          usart_tx_buffer   0x0000b0    program     static D:\MY DOCUMENTS\CREED CONTROL\PROJECT\creedvars.inc
               versionstr   0x000800    program     static D:\MY DOCUMENTS\CREED CONTROL\PROJECT\CREED.ASM
                   welstr   0x000815    program     static D:\MY DOCUMENTS\CREED CONTROL\PROJECT\CREED.ASM



                              Symbols - Sorted by Address
                     Name    Address   Location    Storage File                     
                ---------  ---------  ---------  --------- ---------                
                Interrupt   0x000001    program     static D:\MY DOCUMENTS\CREED CONTROL\PROJECT\CREED.ASM
                ZMenuinit   0x000005    program     static D:\MY DOCUMENTS\CREED CONTROL\PROJECT\CREED.ASM
                    ZMenu   0x00000d    program     static D:\MY DOCUMENTS\CREED CONTROL\PROJECT\CREED.ASM
         Conditioninokend   0x000016    program     static D:\MY DOCUMENTS\CREED CONTROL\PROJECT\CREED.ASM
         Conditionnextend   0x000021    program     static D:\MY DOCUMENTS\CREED CONTROL\PROJECT\CREED.ASM
                    menu0   0x000032    program     static D:\MY DOCUMENTS\CREED CONTROL\PROJECT\CREED.ASM
                   menu01   0x000039    program     static D:\MY DOCUMENTS\CREED CONTROL\PROJECT\CREED.ASM
                   menu02   0x00003e    program     static D:\MY DOCUMENTS\CREED CONTROL\PROJECT\CREED.ASM
                   menu03   0x000041    program     static D:\MY DOCUMENTS\CREED CONTROL\PROJECT\CREED.ASM
                    menu1   0x000049    program     static D:\MY DOCUMENTS\CREED CONTROL\PROJECT\CREED.ASM
                    menu2   0x000050    program     static D:\MY DOCUMENTS\CREED CONTROL\PROJECT\CREED.ASM
                   menu21   0x000057    program     static D:\MY DOCUMENTS\CREED CONTROL\PROJECT\CREED.ASM
                   menu22   0x000060    program     static D:\MY DOCUMENTS\CREED CONTROL\PROJECT\CREED.ASM
                   menu23   0x000066    program     static D:\MY DOCUMENTS\CREED CONTROL\PROJECT\CREED.ASM
                    menu3   0x00006e    program     static D:\MY DOCUMENTS\CREED CONTROL\PROJECT\CREED.ASM
                   menu31   0x000075    program     static D:\MY DOCUMENTS\CREED CONTROL\PROJECT\CREED.ASM
                   menu32   0x00007d    program     static D:\MY DOCUMENTS\CREED CONTROL\PROJECT\CREED.ASM
                    menu4   0x000090    program     static D:\MY DOCUMENTS\CREED CONTROL\PROJECT\CREED.ASM
                 menuexit   0x000094    program     static D:\MY DOCUMENTS\CREED CONTROL\PROJECT\CREED.ASM
             menusigreset   0x000098    program     static D:\MY DOCUMENTS\CREED CONTROL\PROJECT\CREED.ASM
                  menuend   0x00009b    program     static D:\MY DOCUMENTS\CREED CONTROL\PROJECT\CREED.ASM
              ZReadconfig   0x00009c    program     static D:\MY DOCUMENTS\CREED CONTROL\PROJECT\CREED.ASM
     creed_printer_buffer   0x0000a0    program     static D:\MY DOCUMENTS\CREED CONTROL\PROJECT\creedvars.inc
          usart_tx_buffer   0x0000b0    program     static D:\MY DOCUMENTS\CREED CONTROL\PROJECT\creedvars.inc
               showconfig   0x0000b2    program     static D:\MY DOCUMENTS\CREED CONTROL\PROJECT\CREED.ASM
            tu_mod_buffer   0x0000c0    program     static D:\MY DOCUMENTS\CREED CONTROL\PROJECT\creedvars.inc
                  Poweron   0x0000c0    program     static D:\MY DOCUMENTS\CREED CONTROL\PROJECT\CREED.ASM
                     sc45   0x0000d1    program     static D:\MY DOCUMENTS\CREED CONTROL\PROJECT\CREED.ASM
                     sc50   0x0000d6    program     static D:\MY DOCUMENTS\CREED CONTROL\PROJECT\CREED.ASM
                     sc75   0x0000db    program     static D:\MY DOCUMENTS\CREED CONTROL\PROJECT\CREED.ASM
                     scfl   0x0000e0    program     static D:\MY DOCUMENTS\CREED CONTROL\PROJECT\CREED.ASM
                  ZEEread   0x000101    program     static D:\MY DOCUMENTS\CREED CONTROL\PROJECT\CREED.ASM
                 ZEEwrite   0x00010e    program     static D:\MY DOCUMENTS\CREED CONTROL\PROJECT\CREED.ASM
                 EEIsBusy   0x000124    program     static D:\MY DOCUMENTS\CREED CONTROL\PROJECT\CREED.ASM
                   Ccatoi   0x000129    program     static D:\MY DOCUMENTS\CREED CONTROL\PROJECT\CREED.ASM
                   Ccitoa   0x000136    program     static D:\MY DOCUMENTS\CREED CONTROL\PROJECT\CREED.ASM
                  Ccitoa2   0x00013b    program     static D:\MY DOCUMENTS\CREED CONTROL\PROJECT\CREED.ASM
                  Ccitoa4   0x000158    program     static D:\MY DOCUMENTS\CREED CONTROL\PROJECT\CREED.ASM
                  Ccitoa5   0x000166    program     static D:\MY DOCUMENTS\CREED CONTROL\PROJECT\CREED.ASM
                  Ccitoa6   0x000169    program     static D:\MY DOCUMENTS\CREED CONTROL\PROJECT\CREED.ASM
                  Ccitoa1   0x00016c    program     static D:\MY DOCUMENTS\CREED CONTROL\PROJECT\CREED.ASM
                   Mul8x8   0x00016f    program     static D:\MY DOCUMENTS\CREED CONTROL\PROJECT\CREED.ASM
              Ccgotoentry   0x000194    program     static D:\MY DOCUMENTS\CREED CONTROL\PROJECT\CREED.ASM
              Ccaddoffset   0x0001ad    program     static D:\MY DOCUMENTS\CREED CONTROL\PROJECT\CREED.ASM
                Readflash   0x0001b6    program     static D:\MY DOCUMENTS\CREED CONTROL\PROJECT\CREED.ASM
                Inctblptr   0x0001d5    program     static D:\MY DOCUMENTS\CREED CONTROL\PROJECT\CREED.ASM
                 delaywms   0x0001dd    program     static D:\MY DOCUMENTS\CREED CONTROL\PROJECT\CREED.ASM
                delaywms1   0x0001e0    program     static D:\MY DOCUMENTS\CREED CONTROL\PROJECT\CREED.ASM
                 delay1ms   0x0001e8    program     static D:\MY DOCUMENTS\CREED CONTROL\PROJECT\CREED.ASM
                delay1ms1   0x0001ec    program     static D:\MY DOCUMENTS\CREED CONTROL\PROJECT\CREED.ASM
               delay100us   0x0001f4    program     static D:\MY DOCUMENTS\CREED CONTROL\PROJECT\CREED.ASM
              delay100us1   0x0001f8    program     static D:\MY DOCUMENTS\CREED CONTROL\PROJECT\CREED.ASM
                 ZLCDinit   0x0001fd    program     static D:\MY DOCUMENTS\CREED CONTROL\PROJECT\CREED.ASM
                   LCDstr   0x000225    program     static D:\MY DOCUMENTS\CREED CONTROL\PROJECT\CREED.ASM
             LCDstrappend   0x000226    program     static D:\MY DOCUMENTS\CREED CONTROL\PROJECT\CREED.ASM
                  LCDstr1   0x00022d    program     static D:\MY DOCUMENTS\CREED CONTROL\PROJECT\CREED.ASM
               LCDaddress   0x00022e    program     static D:\MY DOCUMENTS\CREED CONTROL\PROJECT\CREED.ASM
                    LCDon   0x000231    program     static D:\MY DOCUMENTS\CREED CONTROL\PROJECT\CREED.ASM
                   LCDoff   0x000234    program     static D:\MY DOCUMENTS\CREED CONTROL\PROJECT\CREED.ASM
                LCDstatic   0x000237    program     static D:\MY DOCUMENTS\CREED CONTROL\PROJECT\CREED.ASM
                LCDscroll   0x00023b    program     static D:\MY DOCUMENTS\CREED CONTROL\PROJECT\CREED.ASM
                 LCDshift   0x000242    program     static D:\MY DOCUMENTS\CREED CONTROL\PROJECT\CREED.ASM
                LCDshift1   0x000249    program     static D:\MY DOCUMENTS\CREED CONTROL\PROJECT\CREED.ASM
                 LCDclear   0x00024a    program     static D:\MY DOCUMENTS\CREED CONTROL\PROJECT\CREED.ASM
                  LCDhome   0x00024f    program     static D:\MY DOCUMENTS\CREED CONTROL\PROJECT\CREED.ASM
                   LCDcom   0x000254    program     static D:\MY DOCUMENTS\CREED CONTROL\PROJECT\CREED.ASM
                  LCDchar   0x000268    program     static D:\MY DOCUMENTS\CREED CONTROL\PROJECT\CREED.ASM
                 LCDchar1   0x000271    program     static D:\MY DOCUMENTS\CREED CONTROL\PROJECT\CREED.ASM
               ZUSARTinit   0x000282    program     static D:\MY DOCUMENTS\CREED CONTROL\PROJECT\CREED.ASM
                USARTchar   0x00029c    program     static D:\MY DOCUMENTS\CREED CONTROL\PROJECT\CREED.ASM
           USARTcharerror   0x0002ac    program     static D:\MY DOCUMENTS\CREED CONTROL\PROJECT\CREED.ASM
          USARTcharerror1   0x0002b5    program     static D:\MY DOCUMENTS\CREED CONTROL\PROJECT\CREED.ASM
             USARTbuftotx   0x0002b6    program     static D:\MY DOCUMENTS\CREED CONTROL\PROJECT\CREED.ASM
          USARTbuftotxend   0x0002c7    program     static D:\MY DOCUMENTS\CREED CONTROL\PROJECT\CREED.ASM
                  USARTrx   0x0002c8    program     static D:\MY DOCUMENTS\CREED CONTROL\PROJECT\CREED.ASM
               USARTrxend   0x0002d2    program     static D:\MY DOCUMENTS\CREED CONTROL\PROJECT\CREED.ASM
               USARTrxerr   0x0002d3    program     static D:\MY DOCUMENTS\CREED CONTROL\PROJECT\CREED.ASM
                 USARTrx1   0x0002dc    program     static D:\MY DOCUMENTS\CREED CONTROL\PROJECT\CREED.ASM
                  USARTtx   0x0002dd    program     static D:\MY DOCUMENTS\CREED CONTROL\PROJECT\CREED.ASM
               USARTtxend   0x0002e6    program     static D:\MY DOCUMENTS\CREED CONTROL\PROJECT\CREED.ASM
               ZCreedinit   0x0002e7    program     static D:\MY DOCUMENTS\CREED CONTROL\PROJECT\CREED.ASM
                Creedchar   0x0002f8    program     static D:\MY DOCUMENTS\CREED CONTROL\PROJECT\CREED.ASM
           Creedcharerror   0x000308    program     static D:\MY DOCUMENTS\CREED CONTROL\PROJECT\CREED.ASM
          Creedcharerror1   0x000312    program     static D:\MY DOCUMENTS\CREED CONTROL\PROJECT\CREED.ASM
             Creedbuftotx   0x000313    program     static D:\MY DOCUMENTS\CREED CONTROL\PROJECT\CREED.ASM
          Creedbuftotxend   0x000325    program     static D:\MY DOCUMENTS\CREED CONTROL\PROJECT\CREED.ASM
                CRBBTxisr   0x000327    program     static D:\MY DOCUMENTS\CREED CONTROL\PROJECT\CREED.ASM
                CRBBTxtab   0x00032e    program     static D:\MY DOCUMENTS\CREED CONTROL\PROJECT\CREED.ASM
                 CRTX_CHK   0x000343    program     static D:\MY DOCUMENTS\CREED CONTROL\PROJECT\CREED.ASM
                CRTX_CHK1   0x00034b    program     static D:\MY DOCUMENTS\CREED CONTROL\PROJECT\CREED.ASM
                CRTX_STRT   0x00034c    program     static D:\MY DOCUMENTS\CREED CONTROL\PROJECT\CREED.ASM
                CRTX_STOP   0x00034e    program     static D:\MY DOCUMENTS\CREED CONTROL\PROJECT\CREED.ASM
                 CRTX_BUF   0x000350    program     static D:\MY DOCUMENTS\CREED CONTROL\PROJECT\CREED.ASM
                 CRTX_BIT   0x000351    program     static D:\MY DOCUMENTS\CREED CONTROL\PROJECT\CREED.ASM
                   CRTX_1   0x000353    program     static D:\MY DOCUMENTS\CREED CONTROL\PROJECT\CREED.ASM
                   CRTX_0   0x000355    program     static D:\MY DOCUMENTS\CREED CONTROL\PROJECT\CREED.ASM
                 CRTX_NXT   0x000357    program     static D:\MY DOCUMENTS\CREED CONTROL\PROJECT\CREED.ASM
                 CRTX_RES   0x000359    program     static D:\MY DOCUMENTS\CREED CONTROL\PROJECT\CREED.ASM
                CRBBRxisr   0x00035b    program     static D:\MY DOCUMENTS\CREED CONTROL\PROJECT\CREED.ASM
                CRBBRxtab   0x000362    program     static D:\MY DOCUMENTS\CREED CONTROL\PROJECT\CREED.ASM
                 CRRX_CHK   0x000377    program     static D:\MY DOCUMENTS\CREED CONTROL\PROJECT\CREED.ASM
                 CRRX_BIT   0x00037a    program     static D:\MY DOCUMENTS\CREED CONTROL\PROJECT\CREED.ASM
                 CRRX_BUF   0x00037f    program     static D:\MY DOCUMENTS\CREED CONTROL\PROJECT\CREED.ASM
                 CRRX_RES   0x000386    program     static D:\MY DOCUMENTS\CREED CONTROL\PROJECT\CREED.ASM
                 CRRX_NXT   0x00038a    program     static D:\MY DOCUMENTS\CREED CONTROL\PROJECT\CREED.ASM
                  ZTUinit   0x00038c    program     static D:\MY DOCUMENTS\CREED CONTROL\PROJECT\CREED.ASM
                   TUlock   0x00039f    program     static D:\MY DOCUMENTS\CREED CONTROL\PROJECT\CREED.ASM
                  TUlock0   0x0003ab    program     static D:\MY DOCUMENTS\CREED CONTROL\PROJECT\CREED.ASM
                 TUlock01   0x0003b0    program     static D:\MY DOCUMENTS\CREED CONTROL\PROJECT\CREED.ASM
                  TUlock1   0x0003b3    program     static D:\MY DOCUMENTS\CREED CONTROL\PROJECT\CREED.ASM
                 TUlock11   0x0003b8    program     static D:\MY DOCUMENTS\CREED CONTROL\PROJECT\CREED.ASM
                  TUlock2   0x0003bd    program     static D:\MY DOCUMENTS\CREED CONTROL\PROJECT\CREED.ASM
                 TUlock21   0x0003c5    program     static D:\MY DOCUMENTS\CREED CONTROL\PROJECT\CREED.ASM
                 TUlock22   0x0003c7    program     static D:\MY DOCUMENTS\CREED CONTROL\PROJECT\CREED.ASM
                   TUchar   0x0003c9    program     static D:\MY DOCUMENTS\CREED CONTROL\PROJECT\CREED.ASM
              TUcharerror   0x0003d9    program     static D:\MY DOCUMENTS\CREED CONTROL\PROJECT\CREED.ASM
             TUcharerror1   0x0003e3    program     static D:\MY DOCUMENTS\CREED CONTROL\PROJECT\CREED.ASM
                TUbuftotx   0x0003e4    program     static D:\MY DOCUMENTS\CREED CONTROL\PROJECT\CREED.ASM
             TUbuftotxend   0x0003f6    program     static D:\MY DOCUMENTS\CREED CONTROL\PROJECT\CREED.ASM
                TUBBTxisr   0x0003f8    program     static D:\MY DOCUMENTS\CREED CONTROL\PROJECT\CREED.ASM
                TUBBTxtab   0x0003ff    program     static D:\MY DOCUMENTS\CREED CONTROL\PROJECT\CREED.ASM
                 TUTX_CHK   0x000414    program     static D:\MY DOCUMENTS\CREED CONTROL\PROJECT\CREED.ASM
                TUTX_CHK1   0x00041c    program     static D:\MY DOCUMENTS\CREED CONTROL\PROJECT\CREED.ASM
                TUTX_CHK2   0x000422    program     static D:\MY DOCUMENTS\CREED CONTROL\PROJECT\CREED.ASM
                 TUTX_REV   0x000423    program     static D:\MY DOCUMENTS\CREED CONTROL\PROJECT\CREED.ASM
                TUTX_STRT   0x000428    program     static D:\MY DOCUMENTS\CREED CONTROL\PROJECT\CREED.ASM
               TUTX_STRT1   0x00042e    program     static D:\MY DOCUMENTS\CREED CONTROL\PROJECT\CREED.ASM
               TUTX_STRT2   0x00042f    program     static D:\MY DOCUMENTS\CREED CONTROL\PROJECT\CREED.ASM
                TUTX_STOP   0x000430    program     static D:\MY DOCUMENTS\CREED CONTROL\PROJECT\CREED.ASM
               TUTX_STOP1   0x000435    program     static D:\MY DOCUMENTS\CREED CONTROL\PROJECT\CREED.ASM
                 TUTX_BUF   0x000437    program     static D:\MY DOCUMENTS\CREED CONTROL\PROJECT\CREED.ASM
                 TUTX_BIT   0x000438    program     static D:\MY DOCUMENTS\CREED CONTROL\PROJECT\CREED.ASM
                   TUTX_1   0x00043a    program     static D:\MY DOCUMENTS\CREED CONTROL\PROJECT\CREED.ASM
                   TUTX_0   0x00043c    program     static D:\MY DOCUMENTS\CREED CONTROL\PROJECT\CREED.ASM
                 TUTX_NXT   0x00043e    program     static D:\MY DOCUMENTS\CREED CONTROL\PROJECT\CREED.ASM
                 TUTX_RES   0x000440    program     static D:\MY DOCUMENTS\CREED CONTROL\PROJECT\CREED.ASM
                TUBBRxisr   0x000442    program     static D:\MY DOCUMENTS\CREED CONTROL\PROJECT\CREED.ASM
                TUBBRxtab   0x000449    program     static D:\MY DOCUMENTS\CREED CONTROL\PROJECT\CREED.ASM
                 TURX_CHK   0x00045e    program     static D:\MY DOCUMENTS\CREED CONTROL\PROJECT\CREED.ASM
                TURX_CHK1   0x000464    program     static D:\MY DOCUMENTS\CREED CONTROL\PROJECT\CREED.ASM
                 TURX_BIT   0x000467    program     static D:\MY DOCUMENTS\CREED CONTROL\PROJECT\CREED.ASM
                 TURX_BUF   0x00046c    program     static D:\MY DOCUMENTS\CREED CONTROL\PROJECT\CREED.ASM
                TURX_BUF2   0x000472    program     static D:\MY DOCUMENTS\CREED CONTROL\PROJECT\CREED.ASM
                TURX_BUF1   0x000476    program     static D:\MY DOCUMENTS\CREED CONTROL\PROJECT\CREED.ASM
                 TURX_RES   0x000478    program     static D:\MY DOCUMENTS\CREED CONTROL\PROJECT\CREED.ASM
                 TURX_NXT   0x00047c    program     static D:\MY DOCUMENTS\CREED CONTROL\PROJECT\CREED.ASM
                  ZInitio   0x00047e    program     static D:\MY DOCUMENTS\CREED CONTROL\PROJECT\CREED.ASM
              ZReadinputs   0x0004a2    program     static D:\MY DOCUMENTS\CREED CONTROL\PROJECT\CREED.ASM
             Decodeporta1   0x0004b5    program     static D:\MY DOCUMENTS\CREED CONTROL\PROJECT\CREED.ASM
             Decodeporta2   0x0004b6    program     static D:\MY DOCUMENTS\CREED CONTROL\PROJECT\CREED.ASM
             Decodeporta3   0x0004bb    program     static D:\MY DOCUMENTS\CREED CONTROL\PROJECT\CREED.ASM
             Decodeporta4   0x0004bc    program     static D:\MY DOCUMENTS\CREED CONTROL\PROJECT\CREED.ASM
             Decodeporta5   0x0004c1    program     static D:\MY DOCUMENTS\CREED CONTROL\PROJECT\CREED.ASM
             Decodeporta6   0x0004c2    program     static D:\MY DOCUMENTS\CREED CONTROL\PROJECT\CREED.ASM
             ZSendoutputs   0x0004c4    program     static D:\MY DOCUMENTS\CREED CONTROL\PROJECT\CREED.ASM
            Sendoutputend   0x0004c4    program     static D:\MY DOCUMENTS\CREED CONTROL\PROJECT\CREED.ASM
               ZModesinit   0x0004c5    program     static D:\MY DOCUMENTS\CREED CONTROL\PROJECT\CREED.ASM
                   ZModes   0x0004c6    program     static D:\MY DOCUMENTS\CREED CONTROL\PROJECT\CREED.ASM
                    help1   0x0004ed    program     static D:\MY DOCUMENTS\CREED CONTROL\PROJECT\CREED.ASM
                 modeskip   0x0004ee    program     static D:\MY DOCUMENTS\CREED CONTROL\PROJECT\CREED.ASM
              Modeweather   0x0004f0    program     static D:\MY DOCUMENTS\CREED CONTROL\PROJECT\CREED.ASM
             Modeweather3   0x0004f5    program     static D:\MY DOCUMENTS\CREED CONTROL\PROJECT\CREED.ASM
             Modeweather2   0x0004f6    program     static D:\MY DOCUMENTS\CREED CONTROL\PROJECT\CREED.ASM
             Modeweather1   0x0004fe    program     static D:\MY DOCUMENTS\CREED CONTROL\PROJECT\CREED.ASM
             Modeweather4   0x00050b    program     static D:\MY DOCUMENTS\CREED CONTROL\PROJECT\CREED.ASM
           Modeweatherend   0x00050f    program     static D:\MY DOCUMENTS\CREED CONTROL\PROJECT\CREED.ASM
            ModeTUtoCreed   0x000510    program     static D:\MY DOCUMENTS\CREED CONTROL\PROJECT\CREED.ASM
          ModeTUtoCreedrx   0x000513    program     static D:\MY DOCUMENTS\CREED CONTROL\PROJECT\CREED.ASM
         ModeTUtoCreedrx3   0x00051b    program     static D:\MY DOCUMENTS\CREED CONTROL\PROJECT\CREED.ASM
         ModeTUtoCreedrx2   0x00051c    program     static D:\MY DOCUMENTS\CREED CONTROL\PROJECT\CREED.ASM
         ModeTUtoCreedrx1   0x00052c    program     static D:\MY DOCUMENTS\CREED CONTROL\PROJECT\CREED.ASM
         ModeTUtoCreedrx4   0x000539    program     static D:\MY DOCUMENTS\CREED CONTROL\PROJECT\CREED.ASM
       ModeTUtoCreedrxend   0x00053d    program     static D:\MY DOCUMENTS\CREED CONTROL\PROJECT\CREED.ASM
          ModeTUtoCreedtx   0x00053e    program     static D:\MY DOCUMENTS\CREED CONTROL\PROJECT\CREED.ASM
         ModeTUtoCreedtx1   0x000551    program     static D:\MY DOCUMENTS\CREED CONTROL\PROJECT\CREED.ASM
       ModeTUtoCreedtxend   0x000555    program     static D:\MY DOCUMENTS\CREED CONTROL\PROJECT\CREED.ASM
               ModeTUtoPC   0x000556    program     static D:\MY DOCUMENTS\CREED CONTROL\PROJECT\CREED.ASM
              ModeTUtoPC1   0x00055b    program     static D:\MY DOCUMENTS\CREED CONTROL\PROJECT\CREED.ASM
               ModeTUloop   0x00055d    program     static D:\MY DOCUMENTS\CREED CONTROL\PROJECT\CREED.ASM
             ModeTUtoPCrx   0x000560    program     static D:\MY DOCUMENTS\CREED CONTROL\PROJECT\CREED.ASM
            ModeTUtoPCrx2   0x000571    program     static D:\MY DOCUMENTS\CREED CONTROL\PROJECT\CREED.ASM
            ModeTUtoPCrx1   0x00057c    program     static D:\MY DOCUMENTS\CREED CONTROL\PROJECT\CREED.ASM
          ModeTUtoPCrxend   0x00057e    program     static D:\MY DOCUMENTS\CREED CONTROL\PROJECT\CREED.ASM
             ModeTUtoPCtx   0x00057f    program     static D:\MY DOCUMENTS\CREED CONTROL\PROJECT\CREED.ASM
            ModeTUtoPCtx2   0x00059b    program     static D:\MY DOCUMENTS\CREED CONTROL\PROJECT\CREED.ASM
            ModeTUtoPCtx3   0x00059c    program     static D:\MY DOCUMENTS\CREED CONTROL\PROJECT\CREED.ASM
            ModeTUtoPCtx1   0x00059d    program     static D:\MY DOCUMENTS\CREED CONTROL\PROJECT\CREED.ASM
            ModeTUtoPCtx4   0x0005a6    program     static D:\MY DOCUMENTS\CREED CONTROL\PROJECT\CREED.ASM
          ModeTUtoPCtxclr   0x0005a9    program     static D:\MY DOCUMENTS\CREED CONTROL\PROJECT\CREED.ASM
          ModeTUtoPCtxend   0x0005ab    program     static D:\MY DOCUMENTS\CREED CONTROL\PROJECT\CREED.ASM
            Modecreedloop   0x0005ac    program     static D:\MY DOCUMENTS\CREED CONTROL\PROJECT\CREED.ASM
           Modecreedloop1   0x0005bf    program     static D:\MY DOCUMENTS\CREED CONTROL\PROJECT\CREED.ASM
         Modecreedloopend   0x0005c3    program     static D:\MY DOCUMENTS\CREED CONTROL\PROJECT\CREED.ASM
               ModePCloop   0x0005c4    program     static D:\MY DOCUMENTS\CREED CONTROL\PROJECT\CREED.ASM
              ModePCloop1   0x0005d4    program     static D:\MY DOCUMENTS\CREED CONTROL\PROJECT\CREED.ASM
            ModePCloopend   0x0005d8    program     static D:\MY DOCUMENTS\CREED CONTROL\PROJECT\CREED.ASM
            ModePCtoCreed   0x0005d9    program     static D:\MY DOCUMENTS\CREED CONTROL\PROJECT\CREED.ASM
          ModePCtoCreedtx   0x0005dc    program     static D:\MY DOCUMENTS\CREED CONTROL\PROJECT\CREED.ASM
         ModePCtoCreedtx1   0x0005ed    program     static D:\MY DOCUMENTS\CREED CONTROL\PROJECT\CREED.ASM
       ModePCtoCreedtxend   0x0005f1    program     static D:\MY DOCUMENTS\CREED CONTROL\PROJECT\CREED.ASM
          ModePCtoCreedrx   0x0005f2    program     static D:\MY DOCUMENTS\CREED CONTROL\PROJECT\CREED.ASM
         ModePCtoCreedrx2   0x00060e    program     static D:\MY DOCUMENTS\CREED CONTROL\PROJECT\CREED.ASM
         ModePCtoCreedrx3   0x00060f    program     static D:\MY DOCUMENTS\CREED CONTROL\PROJECT\CREED.ASM
         ModePCtoCreedrx1   0x000610    program     static D:\MY DOCUMENTS\CREED CONTROL\PROJECT\CREED.ASM
         ModePCtoCreedrx4   0x000619    program     static D:\MY DOCUMENTS\CREED CONTROL\PROJECT\CREED.ASM
       ModePCtoCreedrxclr   0x00061c    program     static D:\MY DOCUMENTS\CREED CONTROL\PROJECT\CREED.ASM
       ModePCtoCreedrxend   0x00061e    program     static D:\MY DOCUMENTS\CREED CONTROL\PROJECT\CREED.ASM
              ZTimersinit   0x00061f    program     static D:\MY DOCUMENTS\CREED CONTROL\PROJECT\CREED.ASM
                  ZTimers   0x000624    program     static D:\MY DOCUMENTS\CREED CONTROL\PROJECT\CREED.ASM
                Timers700   0x000628    program     static D:\MY DOCUMENTS\CREED CONTROL\PROJECT\CREED.ASM
                Timersend   0x000630    program     static D:\MY DOCUMENTS\CREED CONTROL\PROJECT\CREED.ASM
                    ZMain   0x000631    program     static D:\MY DOCUMENTS\CREED CONTROL\PROJECT\CREED.ASM
                  Tmr1_45   0x000665    program     static D:\MY DOCUMENTS\CREED CONTROL\PROJECT\CREED.ASM
                  Tmr1_50   0x00066e    program     static D:\MY DOCUMENTS\CREED CONTROL\PROJECT\CREED.ASM
                  Tmr1_75   0x000677    program     static D:\MY DOCUMENTS\CREED CONTROL\PROJECT\CREED.ASM
                 Tmr1_100   0x000680    program     static D:\MY DOCUMENTS\CREED CONTROL\PROJECT\CREED.ASM
                     Tmr0   0x000689    program     static D:\MY DOCUMENTS\CREED CONTROL\PROJECT\CREED.ASM
                     help   0x0006a4    program     static D:\MY DOCUMENTS\CREED CONTROL\PROJECT\CREED.ASM
                    ZInit   0x0006a5    program     static D:\MY DOCUMENTS\CREED CONTROL\PROJECT\CREED.ASM
                ZBaseloop   0x0006ae    program     static D:\MY DOCUMENTS\CREED CONTROL\PROJECT\CREED.ASM
                    ZTick   0x0006b7    program     static D:\MY DOCUMENTS\CREED CONTROL\PROJECT\CREED.ASM
              ZIntroutine   0x0006c4    program     static D:\MY DOCUMENTS\CREED CONTROL\PROJECT\CREED.ASM
                Inttimer2   0x0006cf    program     static D:\MY DOCUMENTS\CREED CONTROL\PROJECT\CREED.ASM
                Inttimer1   0x0006d4    program     static D:\MY DOCUMENTS\CREED CONTROL\PROJECT\CREED.ASM
                  Intexit   0x0006df    program     static D:\MY DOCUMENTS\CREED CONTROL\PROJECT\CREED.ASM
               versionstr   0x000800    program     static D:\MY DOCUMENTS\CREED CONTROL\PROJECT\CREED.ASM
                   setstr   0x000804    program     static D:\MY DOCUMENTS\CREED CONTROL\PROJECT\CREED.ASM
                   welstr   0x000815    program     static D:\MY DOCUMENTS\CREED CONTROL\PROJECT\CREED.ASM
                  topmenu   0x000820    program     static D:\MY DOCUMENTS\CREED CONTROL\PROJECT\CREED.ASM
                 modemenu   0x00085f    program     static D:\MY DOCUMENTS\CREED CONTROL\PROJECT\CREED.ASM
                 baudmenu   0x0008b3    program     static D:\MY DOCUMENTS\CREED CONTROL\PROJECT\CREED.ASM
              reversemenu   0x0008d0    program     static D:\MY DOCUMENTS\CREED CONTROL\PROJECT\CREED.ASM
               autolfmenu   0x0008e1    program     static D:\MY DOCUMENTS\CREED CONTROL\PROJECT\CREED.ASM
              diddlesmenu   0x0008f2    program     static D:\MY DOCUMENTS\CREED CONTROL\PROJECT\CREED.ASM
            autostartmenu   0x000903    program     static D:\MY DOCUMENTS\CREED CONTROL\PROJECT\CREED.ASM
                 USOSmenu   0x000914    program     static D:\MY DOCUMENTS\CREED CONTROL\PROJECT\CREED.ASM
              codeconvert   0x000925    program     static D:\MY DOCUMENTS\CREED CONTROL\PROJECT\CREED.ASM
                 errcpbuf   0x000aa5    program     static D:\MY DOCUMENTS\CREED CONTROL\PROJECT\CREED.ASM
                 errTUbuf   0x000ab5    program     static D:\MY DOCUMENTS\CREED CONTROL\PROJECT\CREED.ASM
                 errurbuf   0x000ac5    program     static D:\MY DOCUMENTS\CREED CONTROL\PROJECT\CREED.ASM
                 errutbuf   0x000acf    program     static D:\MY DOCUMENTS\CREED CONTROL\PROJECT\CREED.ASM
                  errmode   0x000ad9    program     static D:\MY DOCUMENTS\CREED CONTROL\PROJECT\CREED.ASM


